// Jest Snapshot v1, https://goo.gl/fbAQLP

exports[`<PokemonDetailsScreen /> matchs snapshot 1`] = `
<Styled(Container)>
  <Styled(Content)
    padder={true}
  >
    <Styled(Card)>
      <Styled(Body)
        style={
          Object {
            "alignItems": "flex-start",
            "paddingLeft": 20,
            "paddingRight": 20,
          }
        }
      >
        <RowNB>
          <ColumnNB>
            <Styled(Spinner) />
          </ColumnNB>
          <ColumnNB
            style={
              Object {
                "alignContent": "flex-start",
                "alignItems": "flex-start",
                "paddingTop": 20,
              }
            }
          >
            <Styled(Text)>
              #
              0
            </Styled(Text)>
            <Styled(Text)
              style={
                Object {
                  "fontWeight": "bold",
                  "textTransform": "capitalize",
                }
              }
            >
              test
            </Styled(Text)>
            <Styled(Text)>
              height
              :
               
              1
              m
            </Styled(Text)>
            <Styled(Text)>
              weight
              :
               
              1
              kg
            </Styled(Text)>
            <RowNB>
              <View
                key="1"
                style={
                  Object {
                    "backgroundColor": "#AB1F23",
                    "borderRadius": 50,
                    "height": 10,
                    "margin": 10,
                    "width": 10,
                  }
                }
              />
            </RowNB>
          </ColumnNB>
        </RowNB>
        <RowNB>
          <RowNB
            style={
              Object {
                "alignContent": "center",
                "alignItems": "center",
                "flexDirection": "row",
              }
            }
          >
            <ColumnNB
              style={
                Object {
                  "backgroundColor": "#ddd",
                  "borderRadius": 10,
                  "flex": 1,
                  "height": 1,
                }
              }
            />
            <Styled(Text)
              style={
                Object {
                  "fontSize": 20,
                }
              }
            >
              stadistics
            </Styled(Text)>
            <ColumnNB
              style={
                Object {
                  "backgroundColor": "#ddd",
                  "borderRadius": 10,
                  "flex": 1,
                  "height": 1,
                }
              }
            />
          </RowNB>
        </RowNB>
        <ColumnNB
          style={
            Object {
              "paddingBottom": 10,
              "paddingTop": 10,
            }
          }
        >
          <ColumnNB
            key="stat test"
          >
            <RowNB
              style={
                Object {
                  "alignItems": "center",
                }
              }
            >
              <Styled(Text)
                style={
                  Object {
                    "fontWeight": "bold",
                    "width": 130,
                  }
                }
              >
                stat test
                 
                :
                10
              </Styled(Text)>
              <ForwardRef(SliderComponent)
                disabled={false}
                inverted={false}
                maximumTrackTintColor="#3F51B5"
                maximumValue={140}
                minimumTrackTintColor="#3F51B5"
                minimumValue={0}
                step={0}
                style={
                  Object {
                    "height": 40,
                    "width": 230,
                  }
                }
                thumbTintColor="#3F51B5"
                value={10}
              />
            </RowNB>
          </ColumnNB>
        </ColumnNB>
      </Styled(Body)>
    </Styled(Card)>
  </Styled(Content)>
</Styled(Container)>
`;
