// Jest Snapshot v1, https://goo.gl/fbAQLP

exports[`<MainScreen /> matchs snapshot 1`] = `
<Styled(Container)>
  <Styled(Header)
    searchBar={true}
  >
    <Styled(Item)>
      <Styled(Icon)
        name="ios-search"
      />
      <Styled(Input)
        onChangeText={[Function]}
        placeholder="search"
      />
    </Styled(Item)>
    <Styled(Button)
      transparent={true}
    >
      <Styled(Text)>
        search
      </Styled(Text)>
    </Styled(Button)>
  </Styled(Header)>
  <Styled(Content)>
    <Memo(Paginator)
      count={0}
      loading={false}
      onChangePage={[Function]}
    />
    <View
      style={
        Object {
          "alignContent": "stretch",
          "alignItems": "stretch",
          "flex": 1,
          "flexDirection": "row",
          "flexWrap": "wrap",
          "justifyContent": "flex-start",
          "paddingLeft": 8,
          "width": 750,
        }
      }
    />
  </Styled(Content)>
</Styled(Container)>
`;
