// Jest Snapshot v1, https://goo.gl/fbAQLP

exports[`<PokeCard /> matchs snapshot 1`] = `
<Styled(Card)
  style={
    Object {
      "padding": 8,
    }
  }
>
  <Styled(Body)
    style={
      Object {
        "alignContent": "center",
        "alignItems": "center",
        "flex": 1,
        "flexDirection": undefined,
        "justifyContent": "center",
      }
    }
  >
    <ColumnNB>
      <RowNB
        style={
          Object {
            "justifyContent": "center",
          }
        }
      >
        <Styled(Spinner) />
      </RowNB>
    </ColumnNB>
    <ColumnNB>
      <RowNB
        style={
          Object {
            "justifyContent": "center",
          }
        }
      >
        <Styled(Text)
          style={
            Object {
              "fontWeight": "bold",
            }
          }
        >
          #
           
          0
        </Styled(Text)>
      </RowNB>
      <RowNB
        style={
          Object {
            "justifyContent": "center",
          }
        }
      >
        <Styled(Text)
          style={
            Object {
              "textTransform": "capitalize",
            }
          }
        >
          test
        </Styled(Text)>
      </RowNB>
    </ColumnNB>
  </Styled(Body)>
</Styled(Card)>
`;
