// Jest Snapshot v1, https://goo.gl/fbAQLP

exports[`<PokeCard /> matchs snapshot 1`] = `
<Styled(Card)
  style={
    Object {
      "height": "100%",
      "margin": 8,
    }
  }
>
  <Styled(CardItem)>
    <Styled(Body)
      style={
        Object {
          "alignContent": "center",
          "alignItems": "center",
          "flex": 1,
          "justifyContent": "center",
        }
      }
    >
      <RowNB>
        <View
          key="1"
          style={
            Object {
              "backgroundColor": "#AB1F23",
              "borderRadius": 50,
              "height": 10,
              "margin": 10,
              "width": 10,
            }
          }
        />
      </RowNB>
      <Styled(Spinner) />
      <Styled(Text)
        style={
          Object {
            "fontWeight": "bold",
          }
        }
      >
        #
         
        0
      </Styled(Text)>
      <Styled(Text)
        style={
          Object {
            "textTransform": "capitalize",
          }
        }
      >
        test
      </Styled(Text)>
    </Styled(Body)>
  </Styled(CardItem)>
</Styled(Card)>
`;
