// Jest Snapshot v1, https://goo.gl/fbAQLP

exports[`<LangPicker /> matchs snapshot 1`] = `
<Styled(PickerNB)
  iosHeader="language"
  iosIcon={
    <Styled(Icon)
      name="arrow-dropdown-circle"
    />
  }
  mode="dropdown"
  onValueChange={[Function]}
  placeholder="language"
  selectedValue="en"
>
  <Item
    label="english"
    value="en"
  />
  <Item
    label="spanish"
    value="es"
  />
</Styled(PickerNB)>
`;
